// Jest Snapshot v1, https://goo.gl/fbAQLP

exports[`<Main /> Layout Should render the heading 1`] = `
.c0 {
  background-color: #06092b;
  color: #fff;
  width: 100%;
  height: 100%;
  padding: 3rem;
  text-align: center;
  -webkit-flex-direction: column;
  -ms-flex-direction: column;
  flex-direction: column;
  -webkit-align-items: center;
  -webkit-box-align: center;
  -ms-flex-align: center;
  align-items: center;
  -webkit-box-pack: center;
  -webkit-justify-content: center;
  -ms-flex-pack: center;
  justify-content: center;
}

.c1 {
  width: 25rem;
  margin-bottom: 2rem;
}

.c2 {
  font-size: 2.5rem;
  margin-bottom: 2rem;
}

.c3 {
  font-size: 2rem;
  font-weight: 400;
}

.c4 {
  margin-top: 3rem;
  margin-bottom: 4rem;
  width: min(30rem,100%);
}

<main
  class="c0"
>
  <img
    alt="Imagem de um átomo e React Avançado escrito ao lado."
    class="c1"
    src="/img/boilerplatenext.svg"
  />
  <h1
    class="c2"
  >
    A boilerplate to NextJS Projects4 
  </h1>
  <h2
    class="c3"
  >
    A simple project starter to work with TypeScript, React, NextJS and Styled, based on the course React Avançado by
     
    <a
      href="https://github.com/willianjusten/my-trips"
    >
      Willian Justen de Vasconcellos
       
    </a>
  </h2>
  <img
    alt="uma bussola, um mapa, uma maquina fotografica e um relógio"
    class="c4"
    src="/img/travel-illustration.svg"
  />
</main>
`;
